// Jest Snapshot v1, https://goo.gl/fbAQLP

exports[`render renders correctly 1`] = `
ShallowWrapper {
  "length": 1,
  Symbol(enzyme.__root__): [Circular],
  Symbol(enzyme.__unrendered__): <EventsList
    events={
      Object {
        "data": Array [
          Object {
            "address": "Test address",
            "city": "Test city",
            "description": "Test description",
            "eventDate": "Test date",
            "id": 5,
            "title": "Test title",
          },
        ],
      }
    }
  />,
  Symbol(enzyme.__renderer__): Object {
    "batchedUpdates": [Function],
    "getNode": [Function],
    "render": [Function],
    "simulateEvent": [Function],
    "unmount": [Function],
  },
  Symbol(enzyme.__node__): Object {
    "instance": null,
    "key": undefined,
    "nodeType": "class",
    "props": Object {
      "data": Array [
        Object {
          "address": "Test address",
          "city": "Test city",
          "description": "Test description",
          "eventDate": "Test date",
          "id": 5,
          "title": "Test title",
        },
      ],
      "disableVirtualization": false,
      "horizontal": false,
      "initialNumToRender": 10,
      "keyExtractor": [Function],
      "maxToRenderPerBatch": 10,
      "numColumns": 1,
      "onEndReachedThreshold": 2,
      "onRefresh": undefined,
      "refreshing": undefined,
      "renderItem": [Function],
      "scrollEventThrottle": 50,
      "updateCellsBatchingPeriod": 50,
      "windowSize": 21,
    },
    "ref": null,
    "rendered": null,
    "type": [Function],
  },
  Symbol(enzyme.__nodes__): Array [
    Object {
      "instance": null,
      "key": undefined,
      "nodeType": "class",
      "props": Object {
        "data": Array [
          Object {
            "address": "Test address",
            "city": "Test city",
            "description": "Test description",
            "eventDate": "Test date",
            "id": 5,
            "title": "Test title",
          },
        ],
        "disableVirtualization": false,
        "horizontal": false,
        "initialNumToRender": 10,
        "keyExtractor": [Function],
        "maxToRenderPerBatch": 10,
        "numColumns": 1,
        "onEndReachedThreshold": 2,
        "onRefresh": undefined,
        "refreshing": undefined,
        "renderItem": [Function],
        "scrollEventThrottle": 50,
        "updateCellsBatchingPeriod": 50,
        "windowSize": 21,
      },
      "ref": null,
      "rendered": null,
      "type": [Function],
    },
  ],
  Symbol(enzyme.__options__): Object {
    "adapter": ReactSixteenAdapter {
      "options": Object {
        "enableComponentDidUpdateOnSetState": true,
      },
    },
  },
}
`;
