// Jest Snapshot v1, https://goo.gl/fbAQLP

exports[`EventsView should render correctly 1`] = `
ShallowWrapper {
  "length": 1,
  Symbol(enzyme.__root__): [Circular],
  Symbol(enzyme.__unrendered__): <Connect(EventsView)
    store={
      Object {
        "clearActions": [Function],
        "dispatch": [Function],
        "getActions": [Function],
        "getState": [Function],
        "replaceReducer": [Function],
        "subscribe": [Function],
      }
    }
  />,
  Symbol(enzyme.__renderer__): Object {
    "batchedUpdates": [Function],
    "getNode": [Function],
    "render": [Function],
    "simulateEvent": [Function],
    "unmount": [Function],
  },
  Symbol(enzyme.__node__): Object {
    "instance": null,
    "key": undefined,
    "nodeType": "class",
    "props": Object {
      "auth": Object {
        "data": Object {
          "decoded": Object {
            "id": 1,
          },
        },
      },
      "eventParticipantsNum": Object {
        "data": Object {
          "data": Array [
            Object {
              "emoji": "ðŸ˜˜",
              "eventId": 1,
            },
            Object {
              "emoji": "ðŸ˜˜",
              "eventId": 2,
            },
            Object {
              "emoji": "ðŸ˜˜",
              "eventId": 2,
            },
            Object {
              "emoji": "ðŸ˜˜",
              "eventId": 3,
            },
          ],
        },
        "loading": false,
      },
      "events": Object {
        "data": Array [
          Object {
            "address": "3164 Labadie Meadows",
            "city": "Akeemville",
            "commonNaahYeahsForUserIndex": 8,
            "compatibilityScore": "78",
            "createdAt": "2018-04-21T21:00:00.000Z",
            "dateIndex": 8,
            "description": "Ut laborum optio ad mollitia esse nemo est quia. Quibusdam quia aliquam qui dignissimos praesentium. Tempora sint nulla sit.",
            "durationValue": 0,
            "eventDate": "2018-05-06T21:00:00.000Z",
            "eventImage": null,
            "hostId": 4,
            "id": 2,
            "locationSortIndex": 8,
            "maxParticipants": null,
            "minParticipants": null,
            "numberParticipantsIndex": 8,
            "participantsMix": "60",
            "reccomendationIndex": 80,
            "title": "cupiditate",
            "userIsJoining": false,
          },
          Object {
            "address": "3164 Labadie Meadows",
            "city": "Helsinki",
            "commonNaahYeahsForUserIndex": 7,
            "compatibilityScore": "80",
            "createdAt": "2018-04-22T21:00:00.000Z",
            "dateIndex": 11,
            "description": "Ut laborum optio ad mollitia esse nemo est quia. Quibusdam quia aliquam qui dignissimos praesentium. Tempora sint nulla sit.",
            "durationValue": 0,
            "eventDate": "2018-05-10T21:00:00.000Z",
            "eventImage": null,
            "hostId": 5,
            "id": 1,
            "locationSortIndex": 9,
            "maxParticipants": null,
            "minParticipants": null,
            "numberParticipantsIndex": 4,
            "participantsMix": "60",
            "reccomendationIndex": 70,
            "title": "Birthday Party",
            "userIsJoining": true,
          },
          Object {
            "address": "3164 Labadie Meadows",
            "city": "Akeemville",
            "commonNaahYeahsForUserIndex": 9,
            "compatibilityScore": "85",
            "createdAt": "2018-04-23T21:00:00.000Z",
            "dateIndex": 10,
            "description": "Ut laborum optio ad mollitia esse nemo est quia. Quibusdam quia aliquam qui dignissimos praesentium. Tempora sint nulla sit.",
            "durationValue": 0,
            "eventDate": "2018-05-08T21:00:00.000Z",
            "eventImage": null,
            "hostId": 5,
            "id": 3,
            "locationSortIndex": 3,
            "maxParticipants": null,
            "minParticipants": null,
            "numberParticipantsIndex": 5,
            "participantsMix": "60",
            "reccomendationIndex": 60,
            "title": "Celebration",
            "userIsJoining": true,
          },
        ],
        "loading": false,
      },
      "fetchEventParticipantsNum": [Function],
      "fetchEvents": [Function],
      "openEventForm": [Function],
      "store": Object {
        "clearActions": [Function],
        "dispatch": [Function],
        "getActions": [Function],
        "getState": [Function],
        "replaceReducer": [Function],
        "subscribe": [Function],
      },
      "storeSubscription": Subscription {
        "listeners": Object {
          "clear": [Function],
          "get": [Function],
          "notify": [Function],
          "subscribe": [Function],
        },
        "onStateChange": [Function],
        "parentSub": undefined,
        "store": Object {
          "clearActions": [Function],
          "dispatch": [Function],
          "getActions": [Function],
          "getState": [Function],
          "replaceReducer": [Function],
          "subscribe": [Function],
        },
        "unsubscribe": [Function],
      },
    },
    "ref": null,
    "rendered": null,
    "type": [Function],
  },
  Symbol(enzyme.__nodes__): Array [
    Object {
      "instance": null,
      "key": undefined,
      "nodeType": "class",
      "props": Object {
        "auth": Object {
          "data": Object {
            "decoded": Object {
              "id": 1,
            },
          },
        },
        "eventParticipantsNum": Object {
          "data": Object {
            "data": Array [
              Object {
                "emoji": "ðŸ˜˜",
                "eventId": 1,
              },
              Object {
                "emoji": "ðŸ˜˜",
                "eventId": 2,
              },
              Object {
                "emoji": "ðŸ˜˜",
                "eventId": 2,
              },
              Object {
                "emoji": "ðŸ˜˜",
                "eventId": 3,
              },
            ],
          },
          "loading": false,
        },
        "events": Object {
          "data": Array [
            Object {
              "address": "3164 Labadie Meadows",
              "city": "Akeemville",
              "commonNaahYeahsForUserIndex": 8,
              "compatibilityScore": "78",
              "createdAt": "2018-04-21T21:00:00.000Z",
              "dateIndex": 8,
              "description": "Ut laborum optio ad mollitia esse nemo est quia. Quibusdam quia aliquam qui dignissimos praesentium. Tempora sint nulla sit.",
              "durationValue": 0,
              "eventDate": "2018-05-06T21:00:00.000Z",
              "eventImage": null,
              "hostId": 4,
              "id": 2,
              "locationSortIndex": 8,
              "maxParticipants": null,
              "minParticipants": null,
              "numberParticipantsIndex": 8,
              "participantsMix": "60",
              "reccomendationIndex": 80,
              "title": "cupiditate",
              "userIsJoining": false,
            },
            Object {
              "address": "3164 Labadie Meadows",
              "city": "Helsinki",
              "commonNaahYeahsForUserIndex": 7,
              "compatibilityScore": "80",
              "createdAt": "2018-04-22T21:00:00.000Z",
              "dateIndex": 11,
              "description": "Ut laborum optio ad mollitia esse nemo est quia. Quibusdam quia aliquam qui dignissimos praesentium. Tempora sint nulla sit.",
              "durationValue": 0,
              "eventDate": "2018-05-10T21:00:00.000Z",
              "eventImage": null,
              "hostId": 5,
              "id": 1,
              "locationSortIndex": 9,
              "maxParticipants": null,
              "minParticipants": null,
              "numberParticipantsIndex": 4,
              "participantsMix": "60",
              "reccomendationIndex": 70,
              "title": "Birthday Party",
              "userIsJoining": true,
            },
            Object {
              "address": "3164 Labadie Meadows",
              "city": "Akeemville",
              "commonNaahYeahsForUserIndex": 9,
              "compatibilityScore": "85",
              "createdAt": "2018-04-23T21:00:00.000Z",
              "dateIndex": 10,
              "description": "Ut laborum optio ad mollitia esse nemo est quia. Quibusdam quia aliquam qui dignissimos praesentium. Tempora sint nulla sit.",
              "durationValue": 0,
              "eventDate": "2018-05-08T21:00:00.000Z",
              "eventImage": null,
              "hostId": 5,
              "id": 3,
              "locationSortIndex": 3,
              "maxParticipants": null,
              "minParticipants": null,
              "numberParticipantsIndex": 5,
              "participantsMix": "60",
              "reccomendationIndex": 60,
              "title": "Celebration",
              "userIsJoining": true,
            },
          ],
          "loading": false,
        },
        "fetchEventParticipantsNum": [Function],
        "fetchEvents": [Function],
        "openEventForm": [Function],
        "store": Object {
          "clearActions": [Function],
          "dispatch": [Function],
          "getActions": [Function],
          "getState": [Function],
          "replaceReducer": [Function],
          "subscribe": [Function],
        },
        "storeSubscription": Subscription {
          "listeners": Object {
            "clear": [Function],
            "get": [Function],
            "notify": [Function],
            "subscribe": [Function],
          },
          "onStateChange": [Function],
          "parentSub": undefined,
          "store": Object {
            "clearActions": [Function],
            "dispatch": [Function],
            "getActions": [Function],
            "getState": [Function],
            "replaceReducer": [Function],
            "subscribe": [Function],
          },
          "unsubscribe": [Function],
        },
      },
      "ref": null,
      "rendered": null,
      "type": [Function],
    },
  ],
  Symbol(enzyme.__options__): Object {
    "adapter": ReactSixteenAdapter {
      "options": Object {
        "enableComponentDidUpdateOnSetState": true,
      },
    },
  },
}
`;
